[2K[1A[2K[1A[2K[1A[2K[1A[2K[1A[2K[1A[2K[1A[2K[1A[2K[1A[2K[1A[2K[1A[2K[1A[2K[1A[2K[1A[300D[2K                                                                     
    switched to branch 'JOB-62131/JOB-76477/store-feature-enablement'
                                                                     
                                                                     [300D[2K[?25h[?1002l[?1003l